Tag,Count
Untagged,0
sv_P1,32
sv_P10,37
sv_P100,32
sv_P11,30
sv_P12,32
sv_P13,37
sv_P14,28
sv_P15,29
sv_P16,29
sv_P17,20
sv_P18,25
sv_P19,27
sv_P2,28
sv_P20,30
sv_P21,33
sv_P22,45
sv_P23,30
sv_P24,35
sv_P25,31
sv_P26,38
sv_P27,37
sv_P28,30
sv_P29,31
sv_P3,36
sv_P30,33
sv_P31,36
sv_P32,39
sv_P33,33
sv_P34,44
sv_P35,28
sv_P36,23
sv_P37,33
sv_P38,43
sv_P39,45
sv_P4,38
sv_P40,27
sv_P41,26
sv_P42,36
sv_P43,39
sv_P44,34
sv_P45,35
sv_P46,30
sv_P47,32
sv_P48,38
sv_P49,24
sv_P5,31
sv_P50,29
sv_P51,29
sv_P52,32
sv_P53,26
sv_P54,34
sv_P55,34
sv_P56,38
sv_P57,36
sv_P58,38
sv_P59,25
sv_P6,31
sv_P60,29
sv_P61,44
sv_P62,35
sv_P63,35
sv_P64,31
sv_P65,41
sv_P66,24
sv_P67,50
sv_P68,23
sv_P69,39
sv_P7,35
sv_P70,33
sv_P71,38
sv_P72,38
sv_P73,29
sv_P74,34
sv_P75,54
sv_P76,35
sv_P77,37
sv_P78,33
sv_P79,41
sv_P8,37
sv_P80,41
sv_P81,35
sv_P82,29
sv_P83,50
sv_P84,27
sv_P85,41
sv_P86,36
sv_P87,20
sv_P88,22
sv_P89,35
sv_P9,32
sv_P90,23
sv_P91,32
sv_P92,48
sv_P93,39
sv_P94,27
sv_P95,35
sv_P96,43
sv_P97,26
sv_P98,36
sv_P99,25
